Release 13.2 - xst O.61xd (nt64)
Copyright (c) 1995-2011 Xilinx, Inc.  All rights reserved.
--> Parameter TMPDIR set to xst/projnav.tmp


Total REAL time to Xst completion: 0.00 secs
Total CPU time to Xst completion: 0.05 secs
 
--> Parameter xsthdpdir set to xst


Total REAL time to Xst completion: 0.00 secs
Total CPU time to Xst completion: 0.06 secs
 
--> Reading design: alu_display.prj

TABLE OF CONTENTS
  1) Synthesis Options Summary
  2) HDL Parsing
  3) HDL Elaboration
  4) HDL Synthesis
       4.1) HDL Synthesis Report
  5) Advanced HDL Synthesis
       5.1) Advanced HDL Synthesis Report
  6) Low Level Synthesis
  7) Partition Report
  8) Design Summary
       8.1) Primitive and Black Box Usage
       8.2) Device utilization summary
       8.3) Partition Resource Summary
       8.4) Timing Report
            8.4.1) Clock Information
            8.4.2) Asynchronous Control Signals Information
            8.4.3) Timing Summary
            8.4.4) Timing Details
            8.4.5) Cross Clock Domains Report


=========================================================================
*                      Synthesis Options Summary                        *
=========================================================================
---- Source Parameters
Input File Name                    : "alu_display.prj"
Input Format                       : mixed
Ignore Synthesis Constraint File   : NO

---- Target Parameters
Output File Name                   : "alu_display"
Output Format                      : NGC
Target Device                      : xc6slx150-3-fgg484

---- Source Options
Top Module Name                    : alu_display
Automatic FSM Extraction           : YES
FSM Encoding Algorithm             : Auto
Safe Implementation                : No
FSM Style                          : LUT
RAM Extraction                     : Yes
RAM Style                          : Auto
ROM Extraction                     : Yes
Shift Register Extraction          : YES
ROM Style                          : Auto
Resource Sharing                   : YES
Asynchronous To Synchronous        : NO
Shift Register Minimum Size        : 2
Use DSP Block                      : Auto
Automatic Register Balancing       : No

---- Target Options
LUT Combining                      : Auto
Reduce Control Sets                : Auto
Add IO Buffers                     : YES
Global Maximum Fanout              : 100000
Add Generic Clock Buffer(BUFG)     : 16
Register Duplication               : YES
Optimize Instantiated Primitives   : NO
Use Clock Enable                   : Auto
Use Synchronous Set                : Auto
Use Synchronous Reset              : Auto
Pack IO Registers into IOBs        : Auto
Equivalent register Removal        : YES

---- General Options
Optimization Goal                  : Speed
Optimization Effort                : 1
Power Reduction                    : NO
Keep Hierarchy                     : No
Netlist Hierarchy                  : As_Optimized
RTL Output                         : Yes
Global Optimization                : AllClockNets
Read Cores                         : YES
Write Timing Constraints           : NO
Cross Clock Analysis               : NO
Hierarchy Separator                : /
Bus Delimiter                      : <>
Case Specifier                     : Maintain
Slice Utilization Ratio            : 100
BRAM Utilization Ratio             : 100
DSP48 Utilization Ratio            : 100
Auto BRAM Packing                  : NO
Slice Utilization Ratio Delta      : 5

=========================================================================


=========================================================================
*                          HDL Parsing                                  *
=========================================================================
Analyzing Verilog file \"F:\Verilog\Project_2_OC\ALUOnBoard\adder.v\" into library work
Parsing module <adder>.
Analyzing Verilog file \"F:\Verilog\Project_2_OC\ALUOnBoard\lcd_module.v\" into library work
Parsing module <lcd_module>.
Analyzing Verilog file \"F:\Verilog\Project_2_OC\ALUOnBoard\alu.v\" into library work
Parsing module <alu>.
Analyzing Verilog file \"F:\Verilog\Project_2_OC\ALUOnBoard\alu_display.v\" into library work
Parsing module <alu_display>.

=========================================================================
*                            HDL Elaboration                            *
=========================================================================

Elaborating module <alu_display>.

Elaborating module <alu>.

Elaborating module <adder>.

Elaborating module <lcd_module>.

=========================================================================
*                           HDL Synthesis                               *
=========================================================================

Synthesizing Unit <alu_display>.
    Related source file is "f:/verilog/project_2_oc/aluonboard/alu_display.v".
    Found 32-bit register for signal <alu_src1>.
    Found 32-bit register for signal <alu_src2>.
    Found 1-bit register for signal <display_valid>.
    Found 40-bit register for signal <display_name>.
    Found 32-bit register for signal <display_value>.
    Found 12-bit register for signal <alu_control>.
    Summary:
	inferred 149 D-type flip-flop(s).
Unit <alu_display> synthesized.

Synthesizing Unit <alu>.
    Related source file is "f:/verilog/project_2_oc/aluonboard/alu.v".
    Summary:
	inferred  45 Multiplexer(s).
Unit <alu> synthesized.

Synthesizing Unit <adder>.
    Related source file is "f:/verilog/project_2_oc/aluonboard/adder.v".
    Found 33-bit adder for signal <n0011> created at line 15.
    Found 33-bit adder for signal <n0004> created at line 15.
    Summary:
	inferred   2 Adder/Subtractor(s).
Unit <adder> synthesized.

=========================================================================
HDL Synthesis Report

Macro Statistics
# Adders/Subtractors                                   : 2
 33-bit adder                                          : 2
# Registers                                            : 6
 1-bit register                                        : 1
 12-bit register                                       : 1
 32-bit register                                       : 3
 40-bit register                                       : 1
# Multiplexers                                         : 45
 1-bit 2-to-1 multiplexer                              : 31
 32-bit 2-to-1 multiplexer                             : 14
# Xors                                                 : 2
 1-bit xor2                                            : 1
 32-bit xor2                                           : 1

=========================================================================

=========================================================================
*                       Advanced HDL Synthesis                          *
=========================================================================

Reading core <lcd_module.ngc>.
Reading core <lcd_rom.ngc>.
Loading core <lcd_rom> for timing and area information for instance <lcd_rom_module>.
Loading core <lcd_module> for timing and area information for instance <lcd_module>.
WARNING:Xst:1710 - FF/Latch <display_name_7> (without init value) has a constant value of 0 in block <alu_display>. This FF/Latch will be trimmed during the optimization process.
WARNING:Xst:1895 - Due to other FF/Latch trimming, FF/Latch <display_name_13> (without init value) has a constant value of 0 in block <alu_display>. This FF/Latch will be trimmed during the optimization process.
WARNING:Xst:1895 - Due to other FF/Latch trimming, FF/Latch <display_name_15> (without init value) has a constant value of 0 in block <alu_display>. This FF/Latch will be trimmed during the optimization process.
WARNING:Xst:1895 - Due to other FF/Latch trimming, FF/Latch <display_name_21> (without init value) has a constant value of 0 in block <alu_display>. This FF/Latch will be trimmed during the optimization process.
WARNING:Xst:1895 - Due to other FF/Latch trimming, FF/Latch <display_name_23> (without init value) has a constant value of 0 in block <alu_display>. This FF/Latch will be trimmed during the optimization process.
WARNING:Xst:1895 - Due to other FF/Latch trimming, FF/Latch <display_name_29> (without init value) has a constant value of 0 in block <alu_display>. This FF/Latch will be trimmed during the optimization process.
WARNING:Xst:1895 - Due to other FF/Latch trimming, FF/Latch <display_name_31> (without init value) has a constant value of 0 in block <alu_display>. This FF/Latch will be trimmed during the optimization process.
WARNING:Xst:1895 - Due to other FF/Latch trimming, FF/Latch <display_name_34> (without init value) has a constant value of 0 in block <alu_display>. This FF/Latch will be trimmed during the optimization process.
WARNING:Xst:1895 - Due to other FF/Latch trimming, FF/Latch <display_name_35> (without init value) has a constant value of 0 in block <alu_display>. This FF/Latch will be trimmed during the optimization process.
WARNING:Xst:1895 - Due to other FF/Latch trimming, FF/Latch <display_name_37> (without init value) has a constant value of 0 in block <alu_display>. This FF/Latch will be trimmed during the optimization process.
WARNING:Xst:1895 - Due to other FF/Latch trimming, FF/Latch <display_name_39> (without init value) has a constant value of 0 in block <alu_display>. This FF/Latch will be trimmed during the optimization process.
WARNING:Xst:2404 -  FFs/Latches <display_name<39:39>> (without init value) have a constant value of 0 in block <alu_display>.

=========================================================================
Advanced HDL Synthesis Report

Macro Statistics
# Adders/Subtractors                                   : 1
 33-bit adder carry in                                 : 1
# Registers                                            : 148
 Flip-Flops                                            : 148
# Multiplexers                                         : 45
 1-bit 2-to-1 multiplexer                              : 31
 32-bit 2-to-1 multiplexer                             : 14
# Xors                                                 : 2
 1-bit xor2                                            : 1
 32-bit xor2                                           : 1

=========================================================================

=========================================================================
*                         Low Level Synthesis                           *
=========================================================================
WARNING:Xst:1710 - FF/Latch <display_name_7> (without init value) has a constant value of 0 in block <alu_display>. This FF/Latch will be trimmed during the optimization process.
WARNING:Xst:1895 - Due to other FF/Latch trimming, FF/Latch <display_name_13> (without init value) has a constant value of 0 in block <alu_display>. This FF/Latch will be trimmed during the optimization process.
WARNING:Xst:1895 - Due to other FF/Latch trimming, FF/Latch <display_name_15> (without init value) has a constant value of 0 in block <alu_display>. This FF/Latch will be trimmed during the optimization process.
WARNING:Xst:1895 - Due to other FF/Latch trimming, FF/Latch <display_name_21> (without init value) has a constant value of 0 in block <alu_display>. This FF/Latch will be trimmed during the optimization process.
WARNING:Xst:1895 - Due to other FF/Latch trimming, FF/Latch <display_name_23> (without init value) has a constant value of 0 in block <alu_display>. This FF/Latch will be trimmed during the optimization process.
WARNING:Xst:1895 - Due to other FF/Latch trimming, FF/Latch <display_name_29> (without init value) has a constant value of 0 in block <alu_display>. This FF/Latch will be trimmed during the optimization process.
WARNING:Xst:1895 - Due to other FF/Latch trimming, FF/Latch <display_name_31> (without init value) has a constant value of 0 in block <alu_display>. This FF/Latch will be trimmed during the optimization process.
WARNING:Xst:1895 - Due to other FF/Latch trimming, FF/Latch <display_name_34> (without init value) has a constant value of 0 in block <alu_display>. This FF/Latch will be trimmed during the optimization process.
WARNING:Xst:1895 - Due to other FF/Latch trimming, FF/Latch <display_name_35> (without init value) has a constant value of 0 in block <alu_display>. This FF/Latch will be trimmed during the optimization process.
WARNING:Xst:1895 - Due to other FF/Latch trimming, FF/Latch <display_name_37> (without init value) has a constant value of 0 in block <alu_display>. This FF/Latch will be trimmed during the optimization process.
INFO:Xst:2261 - The FF/Latch <display_name_18> in Unit <alu_display> is equivalent to the following 2 FFs/Latches, which will be removed : <display_name_19> <display_name_27> 
INFO:Xst:2261 - The FF/Latch <display_name_6> in Unit <alu_display> is equivalent to the following 2 FFs/Latches, which will be removed : <display_name_24> <display_name_26> 
INFO:Xst:2261 - The FF/Latch <display_name_2> in Unit <alu_display> is equivalent to the following 2 FFs/Latches, which will be removed : <display_name_3> <display_name_20> 
INFO:Xst:2261 - The FF/Latch <display_name_5> in Unit <alu_display> is equivalent to the following 3 FFs/Latches, which will be removed : <display_name_9> <display_name_11> <display_name_28> 
INFO:Xst:2261 - The FF/Latch <display_name_8> in Unit <alu_display> is equivalent to the following 2 FFs/Latches, which will be removed : <display_name_16> <display_name_36> 
INFO:Xst:2261 - The FF/Latch <display_valid> in Unit <alu_display> is equivalent to the following 8 FFs/Latches, which will be removed : <display_name_10> <display_name_12> <display_name_14> <display_name_17> <display_name_22> <display_name_30> <display_name_33> <display_name_38> 
INFO:Xst:2261 - The FF/Latch <display_name_4> in Unit <alu_display> is equivalent to the following 2 FFs/Latches, which will be removed : <display_name_25> <display_name_32> 

Optimizing unit <alu_display> ...

Optimizing unit <alu> ...

Mapping all equations...
Building and optimizing final netlist ...
Found area constraint ratio of 100 (+ 5) on block alu_display, actual ratio is 1.
INFO:Xst:2260 - The FF/Latch <lcd_init_module/display_x_l_2> in Unit <lcd_module> is equivalent to the following FF/Latch : <lcd_init_module/display_x_l_2_1> 
INFO:Xst:2260 - The FF/Latch <lcd_init_module/display_y_1> in Unit <lcd_module> is equivalent to the following FF/Latch : <lcd_init_module/display_y_1_1> 
INFO:Xst:2260 - The FF/Latch <lcd_init_module/display_y_3> in Unit <lcd_module> is equivalent to the following FF/Latch : <lcd_init_module/display_y_3_1> 
INFO:Xst:2260 - The FF/Latch <lcd_init_module/display_x_l_2> in Unit <lcd_module> is equivalent to the following FF/Latch : <lcd_init_module/display_x_l_2_1> 
INFO:Xst:2260 - The FF/Latch <lcd_init_module/display_y_1> in Unit <lcd_module> is equivalent to the following FF/Latch : <lcd_init_module/display_y_1_1> 
INFO:Xst:2260 - The FF/Latch <lcd_init_module/display_y_3> in Unit <lcd_module> is equivalent to the following FF/Latch : <lcd_init_module/display_y_3_1> 

Final Macro Processing ...

=========================================================================
Final Register Report

Macro Statistics
# Registers                                            : 117
 Flip-Flops                                            : 117

=========================================================================

=========================================================================
*                           Partition Report                            *
=========================================================================

Partition Implementation Status
-------------------------------

  No Partitions were found in this design.

-------------------------------

=========================================================================
*                            Design Summary                             *
=========================================================================

Top Level Output File Name         : alu_display.ngc

Primitive and Black Box Usage:
------------------------------
# BELS                             : 1524
#      GND                         : 3
#      INV                         : 26
#      LUT1                        : 63
#      LUT2                        : 52
#      LUT3                        : 203
#      LUT4                        : 110
#      LUT5                        : 191
#      LUT6                        : 617
#      MUXCY                       : 95
#      MUXF7                       : 61
#      VCC                         : 2
#      XORCY                       : 101
# FlipFlops/Latches                : 380
#      FD                          : 65
#      FDE                         : 64
#      FDR                         : 74
#      FDRE                        : 171
#      FDS                         : 6
# RAMS                             : 2
#      RAMB16BWER                  : 2
# Clock Buffers                    : 2
#      BUFG                        : 1
#      BUFGP                       : 1
# IO Buffers                       : 29
#      IBUF                        : 3
#      IOBUF                       : 2
#      OBUF                        : 24

Device utilization summary:
---------------------------

Selected Device : 6slx150fgg484-3 


Slice Logic Utilization: 
 Number of Slice Registers:             380  out of  184304     0%  
 Number of Slice LUTs:                 1262  out of  92152     1%  
    Number used as Logic:              1262  out of  92152     1%  

Slice Logic Distribution: 
 Number of LUT Flip Flop pairs used:   1363
   Number with an unused Flip Flop:     983  out of   1363    72%  
   Number with an unused LUT:           101  out of   1363     7%  
   Number of fully used LUT-FF pairs:   279  out of   1363    20%  
   Number of unique control sets:        50

IO Utilization: 
 Number of IOs:                          30
 Number of bonded IOBs:                  30  out of    338     8%  

Specific Feature Utilization:
 Number of Block RAM/FIFO:                2  out of    268     0%  
    Number using Block RAM only:          2
 Number of BUFG/BUFGCTRLs:                2  out of     16    12%  

---------------------------
Partition Resource Summary:
---------------------------

  No Partitions were found in this design.

---------------------------


=========================================================================
Timing Report

NOTE: THESE TIMING NUMBERS ARE ONLY A SYNTHESIS ESTIMATE.
      FOR ACCURATE TIMING INFORMATION PLEASE REFER TO THE TRACE REPORT
      GENERATED AFTER PLACE-and-ROUTE.

Clock Information:
------------------
-----------------------------------+----------------------------------------------------------------------------------------------------------------------------------------------------+-------+
Clock Signal                       | Clock buffer(FF name)                                                                                                                              | Load  |
-----------------------------------+----------------------------------------------------------------------------------------------------------------------------------------------------+-------+
clk                                | BUFGP                                                                                                                                              | 273   |
lcd_module/double_clk              | BUFG                                                                                                                                               | 109   |
lcd_module/lcd_rom_module/N1       | NONE(lcd_module/lcd_rom_module/U0/xst_blk_mem_generator/gnativebmg.native_blk_mem_gen/valid.cstr/ramloop[1].ram.r/s6_init.ram/SP.SIMPLE_PRIM18.ram)| 2     |
-----------------------------------+----------------------------------------------------------------------------------------------------------------------------------------------------+-------+
INFO:Xst:2169 - HDL ADVISOR - Some clock signals were not automatically buffered by XST with BUFG/BUFR resources. Please use the buffer_type constraint in order to insert these buffers to the clock signals to help prevent skew problems.

Asynchronous Control Signals Information:
----------------------------------------
No asynchronous control signals found in this design

Timing Summary:
---------------
Speed Grade: -3

   Minimum period: 9.536ns (Maximum Frequency: 104.866MHz)
   Minimum input arrival time before clock: 4.259ns
   Maximum output required time after clock: 8.866ns
   Maximum combinational path delay: No path found

Timing Details:
---------------
All values displayed in nanoseconds (ns)

=========================================================================
Timing constraint: Default period analysis for Clock 'clk'
  Clock period: 9.536ns (frequency: 104.866MHz)
  Total number of paths / destination ports: 14645 / 534
-------------------------------------------------------------------------
Delay:               9.536ns (Levels of Logic = 10)
  Source:            display_value_7 (FF)
  Destination:       lcd_module/lcd_rom_module/U0/xst_blk_mem_generator/gnativebmg.native_blk_mem_gen/valid.cstr/ramloop[1].ram.r/s6_init.ram/SP.SIMPLE_PRIM18.ram (RAM)
  Source Clock:      clk rising
  Destination Clock: clk rising

  Data Path: display_value_7 to lcd_module/lcd_rom_module/U0/xst_blk_mem_generator/gnativebmg.native_blk_mem_gen/valid.cstr/ramloop[1].ram.r/s6_init.ram/SP.SIMPLE_PRIM18.ram
                                Gate     Net
    Cell:in->out      fanout   Delay   Delay  Logical Name (Net Name)
    ----------------------------------------  ------------
     FD:C->Q               1   0.447   0.827  display_value_7 (display_value_7)
     begin scope: 'lcd_module:display_value<7>'
     LUT6:I2->O            2   0.203   0.981  lcd_draw_module/Mmux_draw_char161 (lcd_draw_module/Mmux_draw_char16)
     LUT6:I0->O            1   0.203   0.000  lcd_draw_module/Mmux_draw_char164_G (N248)
     MUXF7:I1->O           2   0.140   0.617  lcd_draw_module/Mmux_draw_char164 (lcd_draw_module/Mmux_draw_char163)
     LUT5:I4->O            6   0.205   0.992  lcd_draw_module/Mmux_draw_char168 (lcd_draw_module/Madd_GND_3_o_PWR_3_o_add_128_OUT_lut<3>)
     LUT5:I1->O            1   0.203   0.684  lcd_draw_module/GND_3_o_draw_char[7]_AND_36_o_SW0 (N10)
     LUT4:I2->O            3   0.203   0.755  lcd_draw_module/GND_3_o_draw_char[7]_AND_36_o (lcd_draw_module/GND_3_o_draw_char[7]_AND_36_o)
     LUT5:I3->O            3   0.203   0.651  lcd_draw_module/Mmux_draw_rom_pc1621 (lcd_draw_module/Mmux_draw_rom_pc162)
     LUT6:I5->O            2   0.205   0.845  lcd_draw_module/Mmux_draw_rom_pc2021 (lcd_draw_module/Mmux_draw_rom_pc202)
     LUT6:I3->O            2   0.205   0.616  Mmux_rom_addr99 (rom_addr<8>)
     begin scope: 'lcd_module/lcd_rom_module:addra<8>'
     RAMB16BWER:ADDRA12        0.350          U0/xst_blk_mem_generator/gnativebmg.native_blk_mem_gen/valid.cstr/ramloop[0].ram.r/s6_init.ram/SP.SIMPLE_PRIM18.ram
    ----------------------------------------
    Total                      9.536ns (2.567ns logic, 6.969ns route)
                                       (26.9% logic, 73.1% route)

=========================================================================
Timing constraint: Default period analysis for Clock 'lcd_module/double_clk'
  Clock period: 6.884ns (frequency: 145.262MHz)
  Total number of paths / destination ports: 5808 / 238
-------------------------------------------------------------------------
Delay:               6.884ns (Levels of Logic = 5)
  Source:            lcd_module/lcd_draw_module/draw_block_number_2 (FF)
  Destination:       lcd_module/lcd_draw_module/draw_data_1 (FF)
  Source Clock:      lcd_module/double_clk rising
  Destination Clock: lcd_module/double_clk rising

  Data Path: lcd_module/lcd_draw_module/draw_block_number_2 to lcd_module/lcd_draw_module/draw_data_1
                                Gate     Net
    Cell:in->out      fanout   Delay   Delay  Logical Name (Net Name)
    ----------------------------------------  ------------
     FD:C->Q              87   0.447   2.020  lcd_draw_module/draw_block_number_2 (display_number<2>)
     LUT6:I3->O           43   0.205   1.449  lcd_draw_module/out1 (lcd_draw_module/draw_block_number[5]_reduce_or_38_o)
     LUT6:I5->O            1   0.205   0.580  lcd_draw_module/Mmux_draw_data[15]_GND_3_o_mux_196_OUT81 (lcd_draw_module/Mmux_draw_data[15]_GND_3_o_mux_196_OUT8)
     LUT6:I5->O            1   0.205   0.580  lcd_draw_module/Mmux_draw_data[15]_GND_3_o_mux_196_OUT82 (lcd_draw_module/Mmux_draw_data[15]_GND_3_o_mux_196_OUT81)
     LUT4:I3->O            1   0.205   0.684  lcd_draw_module/draw_data_1_glue_set_SW0 (N168)
     LUT6:I4->O            1   0.203   0.000  lcd_draw_module/draw_data_1_rstpot (lcd_draw_module/draw_data_1_rstpot)
     FD:D                      0.102          lcd_draw_module/draw_data_1
    ----------------------------------------
    Total                      6.884ns (1.572ns logic, 5.312ns route)
                                       (22.8% logic, 77.2% route)

=========================================================================
Timing constraint: Default OFFSET IN BEFORE for Clock 'clk'
  Total number of paths / destination ports: 265 / 189
-------------------------------------------------------------------------
Offset:              4.259ns (Levels of Logic = 2)
  Source:            resetn (PAD)
  Destination:       alu_src1_0 (FF)
  Destination Clock: clk rising

  Data Path: resetn to alu_src1_0
                                Gate     Net
    Cell:in->out      fanout   Delay   Delay  Logical Name (Net Name)
    ----------------------------------------  ------------
     IBUF:I->O             4   1.222   0.683  resetn_IBUF (resetn_IBUF)
     INV:I->O             76   0.206   1.718  resetn_inv1_INV_0 (resetn_inv)
     FDRE:R                    0.430          alu_src1_0
    ----------------------------------------
    Total                      4.259ns (1.858ns logic, 2.401ns route)
                                       (43.6% logic, 56.4% route)

=========================================================================
Timing constraint: Default OFFSET OUT AFTER for Clock 'lcd_module/double_clk'
  Total number of paths / destination ports: 332 / 18
-------------------------------------------------------------------------
Offset:              8.866ns (Levels of Logic = 7)
  Source:            lcd_module/lcd_init_module/init_rom_pc_8 (FF)
  Destination:       lcd_data_io<15> (PAD)
  Source Clock:      lcd_module/double_clk rising

  Data Path: lcd_module/lcd_init_module/init_rom_pc_8 to lcd_data_io<15>
                                Gate     Net
    Cell:in->out      fanout   Delay   Delay  Logical Name (Net Name)
    ----------------------------------------  ------------
     FDRE:C->Q             3   0.447   0.995  lcd_init_module/init_rom_pc_8 (lcd_init_module/init_rom_pc<8>)
     LUT5:I0->O            2   0.203   0.617  lcd_init_module/init_rom_pc[10]_init_rs_part_AND_24_o11 (lcd_init_module/init_rom_pc[10]_init_rs_part_AND_24_o1)
     LUT5:I4->O           12   0.205   0.909  lcd_init_module/init_rom_pc[10]_init_rs_part_AND_25_o11 (lcd_init_module/init_rom_pc[10]_init_rs_part_AND_25_o1)
     LUT3:I2->O            8   0.205   1.147  lcd_init_module/init_rom_pc[10]_PWR_2_o_equal_3_o<10>1 (lcd_init_module/init_rom_pc[10]_PWR_2_o_equal_3_o)
     LUT6:I1->O            1   0.203   0.580  Mmux_lcd_data_io161 (Mmux_lcd_data_io16)
     LUT3:I2->O            1   0.205   0.579  Mmux_lcd_data_io162 (lcd_data_io<9>)
     end scope: 'lcd_module:lcd_data_io<9>'
     OBUF:I->O                 2.571          lcd_data_io_9_OBUF (lcd_data_io<9>)
    ----------------------------------------
    Total                      8.866ns (4.039ns logic, 4.827ns route)
                                       (45.6% logic, 54.4% route)

=========================================================================
Timing constraint: Default OFFSET OUT AFTER for Clock 'clk'
  Total number of paths / destination ports: 50 / 23
-------------------------------------------------------------------------
Offset:              7.528ns (Levels of Logic = 5)
  Source:            lcd_module/lcd_rom_module/U0/xst_blk_mem_generator/gnativebmg.native_blk_mem_gen/valid.cstr/ramloop[0].ram.r/s6_init.ram/SP.SIMPLE_PRIM18.ram (RAM)
  Destination:       lcd_data_io<7> (PAD)
  Source Clock:      clk rising

  Data Path: lcd_module/lcd_rom_module/U0/xst_blk_mem_generator/gnativebmg.native_blk_mem_gen/valid.cstr/ramloop[0].ram.r/s6_init.ram/SP.SIMPLE_PRIM18.ram to lcd_data_io<7>
                                Gate     Net
    Cell:in->out      fanout   Delay   Delay  Logical Name (Net Name)
    ----------------------------------------  ------------
     RAMB16BWER:CLKA->DOA14    3   1.850   0.755  U0/xst_blk_mem_generator/gnativebmg.native_blk_mem_gen/valid.cstr/ramloop[0].ram.r/s6_init.ram/SP.SIMPLE_PRIM18.ram (douta<15>)
     end scope: 'lcd_module/lcd_rom_module:douta<15>'
     LUT3:I1->O            1   0.203   0.580  Mmux_lcd_data_io141 (Mmux_lcd_data_io14)
     LUT6:I5->O            1   0.205   0.580  Mmux_lcd_data_io142 (Mmux_lcd_data_io141)
     LUT3:I2->O            1   0.205   0.579  Mmux_lcd_data_io143 (lcd_data_io<7>)
     end scope: 'lcd_module:lcd_data_io<7>'
     OBUF:I->O                 2.571          lcd_data_io_7_OBUF (lcd_data_io<7>)
    ----------------------------------------
    Total                      7.528ns (5.034ns logic, 2.494ns route)
                                       (66.9% logic, 33.1% route)

=========================================================================

Cross Clock Domains Report:
--------------------------

Clock to Setup on destination clock clk
---------------------+---------+---------+---------+---------+
                     | Src:Rise| Src:Fall| Src:Rise| Src:Fall|
Source Clock         |Dest:Rise|Dest:Rise|Dest:Fall|Dest:Fall|
---------------------+---------+---------+---------+---------+
clk                  |    9.536|         |         |         |
lcd_module/double_clk|   12.613|         |         |         |
---------------------+---------+---------+---------+---------+

Clock to Setup on destination clock lcd_module/double_clk
---------------------+---------+---------+---------+---------+
                     | Src:Rise| Src:Fall| Src:Rise| Src:Fall|
Source Clock         |Dest:Rise|Dest:Rise|Dest:Fall|Dest:Fall|
---------------------+---------+---------+---------+---------+
clk                  |    7.409|         |         |         |
lcd_module/double_clk|    6.884|         |         |         |
---------------------+---------+---------+---------+---------+

=========================================================================


Total REAL time to Xst completion: 9.00 secs
Total CPU time to Xst completion: 9.55 secs
 
--> 

Total memory usage is 255724 kilobytes

Number of errors   :    0 (   0 filtered)
Number of warnings :   22 (   0 filtered)
Number of infos    :   14 (   0 filtered)

